exports[`Store function tests.  Should render HTML ButtonComponent tag with active button.  1`] = `"<button class=\"button__blue__inactive\">Clock In Now</button>"`;

exports[`Store function tests.  Should render HTML ButtonComponent tag with inactive button.  1`] = `"<button class=\"button__red__active\">Clock Out Now</button>"`;

exports[`Store function tests.  Should render HTML EntryComponent tag built from store list entry without end date.  1`] = `"<div class=\"entry\"><div class=\"entry__top\"><div class=\"entry__startDay\">Mi.</div><div class=\"entry__startDate\">4. März 2015</div><div class=\"entry__earnings\">€0,00</div></div><div class=\"entry__bottom\"><div class=\"entry__startTime\">15:05</div><div class=\"entry__endTime\"><div></div></div><div class=\"entry__duration\"><div></div></div></div></div>"`;

exports[`Store function tests.  Should render HTML EntryComponent tag from store list entry with end date.  1`] = `"<div class=\"entry\"><div class=\"entry__top\"><div class=\"entry__startDay\">Fr.</div><div class=\"entry__startDate\">8. Juli 2016</div><div class=\"entry__earnings\">€63.504,00</div></div><div class=\"entry__bottom\"><div class=\"entry__startTime\">15:05</div><div class=\"entry__endTime\">15:05</div><div class=\"entry__duration\">2:00:00:00</div></div></div>"`;

exports[`Store function tests.  Should render HTML ListEntryComponent tag composed of all elements in store list.  1`] = `"<ul><li> <div class=\"entry\"><div class=\"entry__top\"><div class=\"entry__startDay\">Mi.</div><div class=\"entry__startDate\">4. März 2015</div><div class=\"entry__earnings\">€0,00</div></div><div class=\"entry__bottom\"><div class=\"entry__startTime\">15:05</div><div class=\"entry__endTime\"><div></div></div><div class=\"entry__duration\"><div></div></div></div></div> </li><li> <div class=\"entry\"><div class=\"entry__top\"><div class=\"entry__startDay\">Fr.</div><div class=\"entry__startDate\">8. Juli 2016</div><div class=\"entry__earnings\">€63.504,00</div></div><div class=\"entry__bottom\"><div class=\"entry__startTime\">15:05</div><div class=\"entry__endTime\">15:05</div><div class=\"entry__duration\">2:00:00:00</div></div></div> </li></ul>"`;
