exports[`Store function tests.  Should correctly render app tree with inactive button and two entries. 1`] = `"<div><div><button class=\"button__blue__inactive\">Clock In Now</button></div><div><ul><li><div class=\"entry\"><div class=\"entry__top\"><div class=\"entry__startDay\">Fr.</div><div class=\"entry__startDate\">8. Juli 2016</div><div class=\"entry__earnings\">&#x20AC;63.504,00</div></div><div class=\"entry__bottom\"><div class=\"entry__startTime\">15:05</div><div class=\"entry__endTime\">15:05</div><div class=\"entry__duration\">00:00:00</div></div></div></li><li><div class=\"entry\"><div class=\"entry__top\"><div class=\"entry__startDay\">Mi.</div><div class=\"entry__startDate\">4. M&#xE4;rz 2015</div><div class=\"entry__earnings\">&#x20AC;559.398,00</div></div><div class=\"entry__bottom\"><div class=\"entry__startTime\">15:05</div><div class=\"entry__endTime\">15:05</div><div class=\"entry__duration\">23:00:00</div></div></div></li></ul></div></div>"`;

exports[`Store function tests.  Should render Loading Message when store is loading from storage.  1`] = `"<div>Lade...</div>"`;

exports[`Store function tests.  Should render active button component.  1`] = `"<button class=\"button__red__active\">Clock Out Now</button>"`;

exports[`Store function tests.  Should render an entry list with two entries.  1`] = `"<ul><li><div class=\"entry\"><div class=\"entry__top\"><div class=\"entry__startDay\">Fr.</div><div class=\"entry__startDate\">8. Juli 2016</div><div class=\"entry__earnings\">&#x20AC;63.504,00</div></div><div class=\"entry__bottom\"><div class=\"entry__startTime\">15:05</div><div class=\"entry__endTime\">15:05</div><div class=\"entry__duration\">00:00:00</div></div></div></li><li><div class=\"entry\"><div class=\"entry__top\"><div class=\"entry__startDay\">Mi.</div><div class=\"entry__startDate\">4. M&#xE4;rz 2015</div><div class=\"entry__earnings\">&#x20AC;559.398,00</div></div><div class=\"entry__bottom\"><div class=\"entry__startTime\">15:05</div><div class=\"entry__endTime\">15:05</div><div class=\"entry__duration\">23:00:00</div></div></div></li></ul>"`;

exports[`Store function tests.  Should render inactive button component.  1`] = `"<button class=\"button__blue__inactive\">Clock In Now</button>"`;
